// Vitest Snapshot v1, https://vitest.dev/guide/snapshot.html

exports[`buildDebriefText > renders a reproducible plain-text report 1`] = `
"퍼시픽밸리은행: 48시간 — 디브리핑
2023년 3월 실리콘밸리은행 예금인출 사태
역할: 최고리스크책임자 겸 자금담당임원(CRO/Treasurer) · 표준 모드
────────────────────────────────────────────────────
결과: 폐쇄·실패 — 캘리포니아 DFPI, 은행 인수 — FDIC 관재인 지정
종료 시점: T6 2023년 3월 10일 (금) 05:00 PT
목요일 마감 잔고가 음수인 채로 금요일 아침을 맞았습니다.

종합 점수: 33.0 (F)
전문가 정합 40 · 힌트 감점 −0 · 시간 초과 0회

[차원별 점수]
  유동성 관리        14점 (가중치 30%)
  자본·손실 관리      47점 (가중치 15%)
  시장리스크 판단      20점 (가중치 5%)
  위기 커뮤니케이션     32점 (가중치 15%)
  규제·거버넌스       56점 (가중치 15%)
  거시·정책 판단      40점 (가중치 5%)
  적시성           37점 (가중치 15%)

[핵심 지표 — 귀하 / 역사 / 전문가]
  생존 일수                0.6일 / 0.6일 / 99+일
  현금·연준 잔고             −$959.7M / −$959.7M / $187.6B
  누적 예금 유출             $40.0B / $40.0B / $1.4B

[가장 잘한 결정]
  전문가 권고와 일치한 결정이 없습니다.

[가장 아쉬운 결정]
  T0 선제적 대응 패키지 선택 — 후회 70점
    선택: "빅뱅" 리스크 축소: AFS $21B 일괄 매각과 $2.25B 증자를 무디스 결정 전 실행 (20점)
    전문가: 담보 사전 예치: HTM·대출을 연준 재할인창구에 설정하고 FHLB 한도를 확대, 테스트 차입 실시 (90점)
    근거: 연준 사후검토(p.74)는 SVB가 "담보를 커스터디은행·FHLB에서 재할인창구로 신속히 이동시킬 수 없었고 테스트 거래도 하지 않았다"고 지적한다.
    함정: 규제자본이 양호하므로 "투명하게 정리하고 넘어가자"는 판단은 합리적으로 보인다. 그러나 무보험 예금 94%의 은행에서 손실 공개는 자본 문제가 아니라 유동성 문제를 만든다. 백스톱 없는 증자 발표는 실패 시 증폭기(×2.0)가 된다.

[결정 기록]
  T0 t0-d1: t0-a
  T1 t1-d1: t1-a
  T2 t2-d1: t2-a
  T3 t3-d1: t3-b, t3-a
  T3 t3-d2: t3-d2-a
  T3 t3-i1-founders: t3-i1-defer
  T4 t4-d2: t4-d2-b
  T4 t4-i1-desk: t4-i1-asis
  T4 t4-d1: t4-a
  T5 t5-d1: t5-b
  T5 t5-d2: t5-d2-b

────────────────────────────────────────────────────
모델 대상: SVB Financial Group / Silicon Valley Bank (2022-12-31 연결 재무제표, 2023-03-08~13 사건 기록)
기관명·수치·발언은 교육 목적으로 단순화·각색되었습니다."
`;
